
Memory Configuration

Name             Origin             Length             Attributes
flash            0x08000000         0x00080000         xr
sram             0x20000000         0x00020000         xrw
*default*        0x00000000         0xffffffff

Linker script and memory map

LOAD C:\Users\User\AppData\Local\Temp\ccsBBpCx.o
LOAD C:\Users\User\AppData\Local\Temp\ccC8zOYy.o
                0x20020000                _estack = (ORIGIN (sram) + LENGTH (sram))

.vectors        0x08000000      0x188
 *(.vectors)
 .vectors       0x08000000      0x188 C:\Users\User\AppData\Local\Temp\ccC8zOYy.o
                0x08000000                tab

.text           0x08000188      0x270
 *(.text*)
 .text          0x08000188      0x22c C:\Users\User\AppData\Local\Temp\ccsBBpCx.o
                0x0800024a                SysTick_Handler
                0x08000264                ms_delay
                0x08000294                initClock
                0x08000350                main
 .text          0x080003b4       0x44 C:\Users\User\AppData\Local\Temp\ccC8zOYy.o
                0x080003b4                _reset

.glue_7         0x080003f8        0x0
 .glue_7        0x080003f8        0x0 linker stubs

.glue_7t        0x080003f8        0x0
 .glue_7t       0x080003f8        0x0 linker stubs

.vfp11_veneer   0x080003f8        0x0
 .vfp11_veneer  0x080003f8        0x0 linker stubs

.v4_bx          0x080003f8        0x0
 .v4_bx         0x080003f8        0x0 linker stubs

.iplt           0x080003f8        0x0
 .iplt          0x080003f8        0x0 C:\Users\User\AppData\Local\Temp\ccsBBpCx.o

.rel.dyn        0x080003f8        0x0
 .rel.iplt      0x080003f8        0x0 C:\Users\User\AppData\Local\Temp\ccsBBpCx.o

.rodata
 *(.rodata*)

.data           0x20000000        0x0 load address 0x080003f8
                0x20000000                _sdata = .
 *(.first_data)
 *(.data)
 .data          0x20000000        0x0 C:\Users\User\AppData\Local\Temp\ccsBBpCx.o
 .data          0x20000000        0x0 C:\Users\User\AppData\Local\Temp\ccC8zOYy.o
                0x20000000                _edata = .
                0x080003f8                _sidata = LOADADDR (.data)

.igot.plt       0x20000000        0x0 load address 0x080003f8
 .igot.plt      0x20000000        0x0 C:\Users\User\AppData\Local\Temp\ccsBBpCx.o

.bss            0x20000000        0x4 load address 0x080003f8
                0x20000000                _sbss = .
 *(.bss)
 .bss           0x20000000        0x4 C:\Users\User\AppData\Local\Temp\ccsBBpCx.o
 .bss           0x20000004        0x0 C:\Users\User\AppData\Local\Temp\ccC8zOYy.o
                0x20000004                _ebss = .
                0x20000008                . = ALIGN (0x8)
                0x20000008                _end = .
OUTPUT(firmware.elf elf32-littlearm)
LOAD linker stubs

.comment        0x00000000       0x49
 .comment       0x00000000       0x49 C:\Users\User\AppData\Local\Temp\ccsBBpCx.o
                                 0x4a (size before relaxing)
 .comment       0x00000049       0x4a C:\Users\User\AppData\Local\Temp\ccC8zOYy.o

.ARM.attributes
                0x00000000       0x2e
 .ARM.attributes
                0x00000000       0x2e C:\Users\User\AppData\Local\Temp\ccsBBpCx.o
 .ARM.attributes
                0x0000002e       0x2e C:\Users\User\AppData\Local\Temp\ccC8zOYy.o
